// Jest Snapshot v1, https://goo.gl/fbAQLP

exports[`<Login /> renders correctly 1`] = `
<View
  onLayout={[Function]}
  style={
    [
      {
        "alignItems": "center",
        "backgroundColor": "#5982C2",
        "flex": 1,
        "justifyContent": "center",
      },
      {
        "paddingBottom": 0,
      },
    ]
  }
>
  <View
    accessibilityState={
      {
        "busy": undefined,
        "checked": undefined,
        "disabled": undefined,
        "expanded": undefined,
        "selected": undefined,
      }
    }
    accessible={true}
    focusable={true}
    onClick={[Function]}
    onResponderGrant={[Function]}
    onResponderMove={[Function]}
    onResponderRelease={[Function]}
    onResponderTerminate={[Function]}
    onResponderTerminationRequest={[Function]}
    onStartShouldSetResponder={[Function]}
    style={
      {
        "alignItems": "center",
        "flexGrow": 1,
        "justifyContent": "flex-start",
        "width": "100%",
      }
    }
  >
    <View
      style={
        {
          "left": "-40%",
          "position": "relative",
          "top": "10%",
        }
      }
    >
      <View
        accessibilityState={
          {
            "busy": undefined,
            "checked": undefined,
            "disabled": undefined,
            "expanded": undefined,
            "selected": undefined,
          }
        }
        accessibilityValue={
          {
            "max": undefined,
            "min": undefined,
            "now": undefined,
            "text": undefined,
          }
        }
        accessible={true}
        collapsable={false}
        focusable={true}
        onClick={[Function]}
        onResponderGrant={[Function]}
        onResponderMove={[Function]}
        onResponderRelease={[Function]}
        onResponderTerminate={[Function]}
        onResponderTerminationRequest={[Function]}
        onStartShouldSetResponder={[Function]}
        style={
          {
            "opacity": 1,
          }
        }
      >
        <Image
          source={1}
          style={
            {
              "height": 27,
              "tintColor": "white",
              "width": 30,
            }
          }
        />
      </View>
    </View>
    <View
      style={
        {
          "alignItems": "center",
          "justifyContent": "center",
          "width": "80%",
        }
      }
    >
      <Image
        source={1}
        style={
          {
            "aspectRatio": 1,
            "marginTop": "30%",
          }
        }
      />
      <Text
        style={
          {
            "color": "white",
            "fontSize": 30,
            "marginVertical": "10%",
            "textAlign": "center",
          }
        }
      >
        Hello.
      </Text>
    </View>
    <View
      style={
        {
          "marginBottom": "5%",
          "width": "80%",
        }
      }
    >
      <TextInput
        onChangeText={[Function]}
        placeholder="Email"
        placeholderTextColor="white"
        style={
          {
            "alignItems": "center",
            "backgroundColor": "rgba(0, 0, 0, 0.2)",
            "borderRadius": 10,
            "justifyContent": "center",
            "marginVertical": "5%",
            "padding": "7%",
            "width": "100%",
          }
        }
        value=""
      />
      <TextInput
        onChangeText={[Function]}
        placeholder="Password"
        placeholderTextColor="white"
        secureTextEntry={true}
        style={
          {
            "alignItems": "center",
            "backgroundColor": "rgba(0, 0, 0, 0.2)",
            "borderRadius": 10,
            "justifyContent": "center",
            "marginVertical": "5%",
            "padding": "7%",
            "width": "100%",
          }
        }
        value=""
      />
    </View>
    <View
      style={
        {
          "alignItems": "center",
          "justifyContent": "center",
          "marginBottom": "20%",
          "width": "80%",
        }
      }
    >
      <View
        accessibilityState={
          {
            "busy": undefined,
            "checked": undefined,
            "disabled": undefined,
            "expanded": undefined,
            "selected": undefined,
          }
        }
        accessibilityValue={
          {
            "max": undefined,
            "min": undefined,
            "now": undefined,
            "text": undefined,
          }
        }
        accessible={true}
        collapsable={false}
        focusable={true}
        onClick={[Function]}
        onResponderGrant={[Function]}
        onResponderMove={[Function]}
        onResponderRelease={[Function]}
        onResponderTerminate={[Function]}
        onResponderTerminationRequest={[Function]}
        onStartShouldSetResponder={[Function]}
        style={
          {
            "alignItems": "center",
            "backgroundColor": "rgba(0, 0, 0, 0.7)",
            "borderRadius": 10,
            "justifyContent": "center",
            "marginVertical": "5%",
            "opacity": 1,
            "padding": "7%",
            "width": "100%",
          }
        }
      >
        <Text
          style={
            {
              "color": "white",
              "fontSize": 18,
              "fontWeight": "bold",
            }
          }
        >
          Login
        </Text>
      </View>
      <View
        accessibilityState={
          {
            "busy": undefined,
            "checked": undefined,
            "disabled": undefined,
            "expanded": undefined,
            "selected": undefined,
          }
        }
        accessibilityValue={
          {
            "max": undefined,
            "min": undefined,
            "now": undefined,
            "text": undefined,
          }
        }
        accessible={true}
        collapsable={false}
        focusable={true}
        onClick={[Function]}
        onResponderGrant={[Function]}
        onResponderMove={[Function]}
        onResponderRelease={[Function]}
        onResponderTerminate={[Function]}
        onResponderTerminationRequest={[Function]}
        onStartShouldSetResponder={[Function]}
        style={
          {
            "opacity": 1,
          }
        }
      >
        <Text
          style={
            {
              "color": "white",
              "fontSize": 14,
              "textDecorationLine": "underline",
            }
          }
        >
          Not registered? Click here.
        </Text>
      </View>
    </View>
  </View>
</View>
`;
